54
59
53
64
69
58
74
79
63
84
89
68
94
99
73
104
109
78
114
119
83
124
129
88
134
139
93
144
149
98
154
159
103
164
169
108
174
179
113
184
189
118
194
199
123
204
209
128
214
219
133
224
229
138
234
239
143
244
249
148
254
259
153
264
269
158
274
279
163
284
289
168
294
299
173
304
309
178
314
319
183
324
329
188
334
339
193
344
349
198
354
359
203
364
369
208
374
379
213
384
389
218
394
399
223
404
409
228
414
419
233
424
429
238
434
439
243
444
449
248
