0
0
0
0
0
100010
0
1
1
100010
50
5
23
28
55
0
0
0
0
0
1
80
-10
70
81