-1000
-1999
-3997
-6993
-11986
-19974
-32954
-53921
-87867
-142779
-231636
-375404
-608028
-984419
-1593433
-2578837
-4173254
-6753074
-10927310
-17681365
